go: downloading github.com/mattn/go-sqlite3 v1.14.34
go: downloading github.com/google/uuid v1.6.0
go: downloading fyne.io/fyne/v2 v2.7.3
go: downloading github.com/go-text/typesetting v0.3.3
go: downloading github.com/yuin/goldmark v1.7.8
go: downloading golang.org/x/image v0.24.0
go: downloading github.com/fsnotify/fsnotify v1.9.0
go: downloading github.com/jeandeaual/go-locale v0.0.0-20250612000132-0ef82f21eade
go: downloading github.com/nicksnyder/go-i18n/v2 v2.5.1
go: downloading golang.org/x/text v0.22.0
go: downloading github.com/fredbi/uri v1.1.1
go: downloading golang.org/x/sys v0.30.0
go: downloading github.com/fyne-io/oksvg v0.2.0
go: downloading github.com/srwiley/rasterx v0.0.0-20220730225603-2ab79fcdd4ef
go: downloading github.com/go-text/render v0.2.0
go: downloading fyne.io/systray v1.12.0
go: downloading github.com/fyne-io/image v0.1.1
go: downloading github.com/go-gl/glfw/v3.3/glfw v0.0.0-20240506104042-037f3cc74f2a
go: downloading github.com/BurntSushi/toml v1.5.0
go: downloading github.com/nfnt/resize v0.0.0-20180221191011-83c6a9932646
go: downloading golang.org/x/net v0.35.0
go: downloading github.com/srwiley/oksvg v0.0.0-20221011165216-be6e8873101c
go: downloading github.com/go-gl/gl v0.0.0-20231021071112-07e5d0ea2e71
go: downloading github.com/godbus/dbus/v5 v5.1.0
go: downloading github.com/jsummers/gobmp v0.0.0-20230614200233-a9de23ed2e25
go: downloading github.com/stretchr/testify v1.11.1
go: downloading github.com/davecgh/go-spew v1.1.1
go: downloading github.com/pmezard/go-difflib v1.0.0
go: downloading gopkg.in/yaml.v3 v3.0.1
# runtime/cgo
cgo: C compiler "x86_64-w64-mingw32-gcc" not found: exec: "x86_64-w64-mingw32-gcc": executable file not found in $PATH
